// Jest Snapshot v1, https://goo.gl/fbAQLP

exports[`engine.run prints error if increase in eslint warnings 1`] = `
Object {
  "message": "Warnings of [1m\\"no-console\\"[22m have increased by +1 in \\"index.js\\"",
  "type": "error",
}
`;

exports[`engine.run returns message about turning off warning when count is zero 1`] = `
Object {
  "message": "No [1m\\"no-console\\"[22m warnings are being reported. You can turn it on as an error!",
  "type": "info",
}
`;

exports[`engine.run should message about turning off warning when count is zero because a file was deleted 1`] = `
Object {
  "message": "No [1m\\"no-console\\"[22m warnings are being reported. You can turn it on as an error!",
  "type": "info",
}
`;

exports[`engine.run still makes checks if "write" option is false 1`] = `
Object {
  "message": "Warnings of [1m\\"no-console\\"[22m have increased by +1 in \\"index.js\\"",
  "type": "error",
}
`;

exports[`engine.run throws error if no esplint config 1`] = `"No config file found."`;

exports[`engine.run throws error if record is not valid json 1`] = `".esplint.rec.json is not valid JSON. Please fix and try again."`;
